Archive member included to satisfy reference by file (symbol)

C:/ST/STM32CubeIDE_1.17.0/STM32CubeIDE/plugins/com.st.stm32cube.ide.mcu.externaltools.gnu-tools-for-stm32.13.3.rel1.win32_1.0.0.202411081344/tools/bin/../lib/gcc/arm-none-eabi/13.3.1/../../../../arm-none-eabi/lib/thumb/v6-m/nofp\libc_nano.a(libc_a-exit.o)
                              C:/ST/STM32CubeIDE_1.17.0/STM32CubeIDE/plugins/com.st.stm32cube.ide.mcu.externaltools.gnu-tools-for-stm32.13.3.rel1.win32_1.0.0.202411081344/tools/bin/../lib/gcc/arm-none-eabi/13.3.1/../../../../arm-none-eabi/lib/thumb/v6-m/nofp/crt0.o (exit)
C:/ST/STM32CubeIDE_1.17.0/STM32CubeIDE/plugins/com.st.stm32cube.ide.mcu.externaltools.gnu-tools-for-stm32.13.3.rel1.win32_1.0.0.202411081344/tools/bin/../lib/gcc/arm-none-eabi/13.3.1/../../../../arm-none-eabi/lib/thumb/v6-m/nofp\libc_nano.a(libc_a-findfp.o)
                              C:/ST/STM32CubeIDE_1.17.0/STM32CubeIDE/plugins/com.st.stm32cube.ide.mcu.externaltools.gnu-tools-for-stm32.13.3.rel1.win32_1.0.0.202411081344/tools/bin/../lib/gcc/arm-none-eabi/13.3.1/../../../../arm-none-eabi/lib/thumb/v6-m/nofp\libc_nano.a(libc_a-exit.o) (__stdio_exit_handler)
C:/ST/STM32CubeIDE_1.17.0/STM32CubeIDE/plugins/com.st.stm32cube.ide.mcu.externaltools.gnu-tools-for-stm32.13.3.rel1.win32_1.0.0.202411081344/tools/bin/../lib/gcc/arm-none-eabi/13.3.1/../../../../arm-none-eabi/lib/thumb/v6-m/nofp\libc_nano.a(libc_a-fwalk.o)
                              C:/ST/STM32CubeIDE_1.17.0/STM32CubeIDE/plugins/com.st.stm32cube.ide.mcu.externaltools.gnu-tools-for-stm32.13.3.rel1.win32_1.0.0.202411081344/tools/bin/../lib/gcc/arm-none-eabi/13.3.1/../../../../arm-none-eabi/lib/thumb/v6-m/nofp\libc_nano.a(libc_a-findfp.o) (_fwalk_sglue)
C:/ST/STM32CubeIDE_1.17.0/STM32CubeIDE/plugins/com.st.stm32cube.ide.mcu.externaltools.gnu-tools-for-stm32.13.3.rel1.win32_1.0.0.202411081344/tools/bin/../lib/gcc/arm-none-eabi/13.3.1/../../../../arm-none-eabi/lib/thumb/v6-m/nofp\libc_nano.a(libc_a-stdio.o)
                              C:/ST/STM32CubeIDE_1.17.0/STM32CubeIDE/plugins/com.st.stm32cube.ide.mcu.externaltools.gnu-tools-for-stm32.13.3.rel1.win32_1.0.0.202411081344/tools/bin/../lib/gcc/arm-none-eabi/13.3.1/../../../../arm-none-eabi/lib/thumb/v6-m/nofp\libc_nano.a(libc_a-findfp.o) (__sread)
C:/ST/STM32CubeIDE_1.17.0/STM32CubeIDE/plugins/com.st.stm32cube.ide.mcu.externaltools.gnu-tools-for-stm32.13.3.rel1.win32_1.0.0.202411081344/tools/bin/../lib/gcc/arm-none-eabi/13.3.1/../../../../arm-none-eabi/lib/thumb/v6-m/nofp\libc_nano.a(libc_a-memset.o)
                              C:/ST/STM32CubeIDE_1.17.0/STM32CubeIDE/plugins/com.st.stm32cube.ide.mcu.externaltools.gnu-tools-for-stm32.13.3.rel1.win32_1.0.0.202411081344/tools/bin/../lib/gcc/arm-none-eabi/13.3.1/../../../../arm-none-eabi/lib/thumb/v6-m/nofp/crt0.o (memset)
C:/ST/STM32CubeIDE_1.17.0/STM32CubeIDE/plugins/com.st.stm32cube.ide.mcu.externaltools.gnu-tools-for-stm32.13.3.rel1.win32_1.0.0.202411081344/tools/bin/../lib/gcc/arm-none-eabi/13.3.1/../../../../arm-none-eabi/lib/thumb/v6-m/nofp\libc_nano.a(libc_a-closer.o)
                              C:/ST/STM32CubeIDE_1.17.0/STM32CubeIDE/plugins/com.st.stm32cube.ide.mcu.externaltools.gnu-tools-for-stm32.13.3.rel1.win32_1.0.0.202411081344/tools/bin/../lib/gcc/arm-none-eabi/13.3.1/../../../../arm-none-eabi/lib/thumb/v6-m/nofp\libc_nano.a(libc_a-stdio.o) (_close_r)
C:/ST/STM32CubeIDE_1.17.0/STM32CubeIDE/plugins/com.st.stm32cube.ide.mcu.externaltools.gnu-tools-for-stm32.13.3.rel1.win32_1.0.0.202411081344/tools/bin/../lib/gcc/arm-none-eabi/13.3.1/../../../../arm-none-eabi/lib/thumb/v6-m/nofp\libc_nano.a(libc_a-reent.o)
                              C:/ST/STM32CubeIDE_1.17.0/STM32CubeIDE/plugins/com.st.stm32cube.ide.mcu.externaltools.gnu-tools-for-stm32.13.3.rel1.win32_1.0.0.202411081344/tools/bin/../lib/gcc/arm-none-eabi/13.3.1/../../../../arm-none-eabi/lib/thumb/v6-m/nofp\libc_nano.a(libc_a-closer.o) (errno)
C:/ST/STM32CubeIDE_1.17.0/STM32CubeIDE/plugins/com.st.stm32cube.ide.mcu.externaltools.gnu-tools-for-stm32.13.3.rel1.win32_1.0.0.202411081344/tools/bin/../lib/gcc/arm-none-eabi/13.3.1/../../../../arm-none-eabi/lib/thumb/v6-m/nofp\libc_nano.a(libc_a-impure.o)
                              C:/ST/STM32CubeIDE_1.17.0/STM32CubeIDE/plugins/com.st.stm32cube.ide.mcu.externaltools.gnu-tools-for-stm32.13.3.rel1.win32_1.0.0.202411081344/tools/bin/../lib/gcc/arm-none-eabi/13.3.1/../../../../arm-none-eabi/lib/thumb/v6-m/nofp\libc_nano.a(libc_a-reent.o) (_impure_ptr)
C:/ST/STM32CubeIDE_1.17.0/STM32CubeIDE/plugins/com.st.stm32cube.ide.mcu.externaltools.gnu-tools-for-stm32.13.3.rel1.win32_1.0.0.202411081344/tools/bin/../lib/gcc/arm-none-eabi/13.3.1/../../../../arm-none-eabi/lib/thumb/v6-m/nofp\libc_nano.a(libc_a-lseekr.o)
[...]
Memory Configuration

Name             Origin             Length             Attributes
RAM              0x20000000         0x00002000         xrw
FLASH            0x08000000         0x00010000         xr
*default*        0x00000000         0xffffffff

Linker script and memory map

LOAD C:/ST/STM32CubeIDE_1.17.0/STM32CubeIDE/plugins/com.st.stm32cube.ide.mcu.externaltools.gnu-tools-for-stm32.13.3.rel1.win32_1.0.0.202411081344/tools/bin/../lib/gcc/arm-none-eabi/13.3.1/thumb/v6-m/nofp/crti.o
LOAD C:/ST/STM32CubeIDE_1.17.0/STM32CubeIDE/plugins/com.st.stm32cube.ide.mcu.externaltools.gnu-tools-for-stm32.13.3.rel1.win32_1.0.0.202411081344/tools/bin/../lib/gcc/arm-none-eabi/13.3.1/thumb/v6-m/nofp/crtbegin.o
LOAD C:/ST/STM32CubeIDE_1.17.0/STM32CubeIDE/plugins/com.st.stm32cube.ide.mcu.externaltools.gnu-tools-for-stm32.13.3.rel1.win32_1.0.0.202411081344/tools/bin/../lib/gcc/arm-none-eabi/13.3.1/../../../../arm-none-eabi/lib/thumb/v6-m/nofp/crt0.o
LOAD ./Core/Src/main.o
LOAD ./Core/Src/stm32l0xx_hal_msp.o
LOAD ./Core/Src/stm32l0xx_it.o
LOAD ./Core/Src/syscalls.o
LOAD ./Core/Src/sysmem.o
LOAD ./Core/Src/system_stm32l0xx.o
LOAD ./Core/Startup/startup_stm32l053c8tx.o
LOAD ./Drivers/STM32L0xx_HAL_Driver/Src/stm32l0xx_hal.o
LOAD ./Drivers/STM32L0xx_HAL_Driver/Src/stm32l0xx_hal_cortex.o
LOAD ./Drivers/STM32L0xx_HAL_Driver/Src/stm32l0xx_hal_dma.o
LOAD ./Drivers/STM32L0xx_HAL_Driver/Src/stm32l0xx_hal_exti.o
LOAD ./Drivers/STM32L0xx_HAL_Driver/Src/stm32l0xx_hal_flash.o
LOAD ./Drivers/STM32L0xx_HAL_Driver/Src/stm32l0xx_hal_flash_ex.o
LOAD ./Drivers/STM32L0xx_HAL_Driver/Src/stm32l0xx_hal_flash_ramfunc.o
LOAD ./Drivers/STM32L0xx_HAL_Driver/Src/stm32l0xx_hal_gpio.o
LOAD ./Drivers/STM32L0xx_HAL_Driver/Src/stm32l0xx_hal_i2c.o
LOAD ./Drivers/STM32L0xx_HAL_Driver/Src/stm32l0xx_hal_i2c_ex.o
LOAD ./Drivers/STM32L0xx_HAL_Driver/Src/stm32l0xx_hal_iwdg.o
LOAD ./Drivers/STM32L0xx_HAL_Driver/Src/stm32l0xx_hal_pwr.o
LOAD ./Drivers/STM32L0xx_HAL_Driver/Src/stm32l0xx_hal_pwr_ex.o
LOAD ./Drivers/STM32L0xx_HAL_Driver/Src/stm32l0xx_hal_rcc.o
LOAD ./Drivers/STM32L0xx_HAL_Driver/Src/stm32l0xx_hal_rcc_ex.o
LOAD ./Drivers/STM32L0xx_HAL_Driver/Src/stm32l0xx_hal_spi.o
LOAD ./Drivers/STM32L0xx_HAL_Driver/Src/stm32l0xx_hal_tim.o
LOAD ./Drivers/STM32L0xx_HAL_Driver/Src/stm32l0xx_hal_tim_ex.o
LOAD ./Drivers/lis3mdl/lis3mdl.o
LOAD ./Drivers/lis3mdl/lis3mdl_device.o
LOAD ./Drivers/lis3mdl/lis3mdl_init_params.o
LOAD ./Drivers/lis3mdl/lis3mdl_process_state_machine.o
START GROUP
LOAD C:/ST/STM32CubeIDE_1.17.0/STM32CubeIDE/plugins/com.st.stm32cube.ide.mcu.externaltools.gnu-tools-for-stm32.13.3.rel1.win32_1.0.0.202411081344/tools/bin/../lib/gcc/arm-none-eabi/13.3.1/../../../../arm-none-eabi/lib/thumb/v6-m/nofp\libc_nano.a
LOAD C:/ST/STM32CubeIDE_1.17.0/STM32CubeIDE/plugins/com.st.stm32cube.ide.mcu.externaltools.gnu-tools-for-stm32.13.3.rel1.win32_1.0.0.202411081344/tools/bin/../lib/gcc/arm-none-eabi/13.3.1/../../../../arm-none-eabi/lib/thumb/v6-m/nofp\libm.a
END GROUP
START GROUP
LOAD C:/ST/STM32CubeIDE_1.17.0/STM32CubeIDE/plugins/com.st.stm32cube.ide.mcu.externaltools.gnu-tools-for-stm32.13.3.rel1.win32_1.0.0.202411081344/tools/bin/../lib/gcc/arm-none-eabi/13.3.1/thumb/v6-m/nofp\libgcc.a
LOAD C:/ST/STM32CubeIDE_1.17.0/STM32CubeIDE/plugins/com.st.stm32cube.ide.mcu.externaltools.gnu-tools-for-stm32.13.3.rel1.win32_1.0.0.202411081344/tools/bin/../lib/gcc/arm-none-eabi/13.3.1/../../../../arm-none-eabi/lib/thumb/v6-m/nofp\libc_nano.a
END GROUP
START GROUP
LOAD C:/ST/STM32CubeIDE_1.17.0/STM32CubeIDE/plugins/com.st.stm32cube.ide.mcu.externaltools.gnu-tools-for-stm32.13.3.rel1.win32_1.0.0.202411081344/tools/bin/../lib/gcc/arm-none-eabi/13.3.1/thumb/v6-m/nofp\libgcc.a
LOAD C:/ST/STM32CubeIDE_1.17.0/STM32CubeIDE/plugins/com.st.stm32cube.ide.mcu.externaltools.gnu-tools-for-stm32.13.3.rel1.win32_1.0.0.202411081344/tools/bin/../lib/gcc/arm-none-eabi/13.3.1/../../../../arm-none-eabi/lib/thumb/v6-m/nofp\libc_nano.a
LOAD C:/ST/STM32CubeIDE_1.17.0/STM32CubeIDE/plugins/com.st.stm32cube.ide.mcu.externaltools.gnu-tools-for-stm32.13.3.rel1.win32_1.0.0.202411081344/tools/bin/../lib/gcc/arm-none-eabi/13.3.1/../../../../arm-none-eabi/lib/thumb/v6-m/nofp\libnosys.a
END GROUP
START GROUP
LOAD C:/ST/STM32CubeIDE_1.17.0/STM32CubeIDE/plugins/com.st.stm32cube.ide.mcu.externaltools.gnu-tools-for-stm32.13.3.rel1.win32_1.0.0.202411081344/tools/bin/../lib/gcc/arm-none-eabi/13.3.1/thumb/v6-m/nofp\libgcc.a
LOAD C:/ST/STM32CubeIDE_1.17.0/STM32CubeIDE/plugins/com.st.stm32cube.ide.mcu.externaltools.gnu-tools-for-stm32.13.3.rel1.win32_1.0.0.202411081344/tools/bin/../lib/gcc/arm-none-eabi/13.3.1/../../../../arm-none-eabi/lib/thumb/v6-m/nofp\libc_nano.a
LOAD C:/ST/STM32CubeIDE_1.17.0/STM32CubeIDE/plugins/com.st.stm32cube.ide.mcu.externaltools.gnu-tools-for-stm32.13.3.rel1.win32_1.0.0.202411081344/tools/bin/../lib/gcc/arm-none-eabi/13.3.1/../../../../arm-none-eabi/lib/thumb/v6-m/nofp\libnosys.a
END GROUP
LOAD C:/ST/STM32CubeIDE_1.17.0/STM32CubeIDE/plugins/com.st.stm32cube.ide.mcu.externaltools.gnu-tools-for-stm32.13.3.rel1.win32_1.0.0.202411081344/tools/bin/../lib/gcc/arm-none-eabi/13.3.1/thumb/v6-m/nofp/crtend.o
LOAD C:/ST/STM32CubeIDE_1.17.0/STM32CubeIDE/plugins/com.st.stm32cube.ide.mcu.externaltools.gnu-tools-for-stm32.13.3.rel1.win32_1.0.0.202411081344/tools/bin/../lib/gcc/arm-none-eabi/13.3.1/thumb/v6-m/nofp/crtn.o
                0x20002000                        _estack = (ORIGIN (RAM) + LENGTH (RAM))
                0x00000200                        _Min_Heap_Size = 0x200
                0x00000400                        _Min_Stack_Size = 0x400

.isr_vector     0x08000000       0xc0
                0x08000000                        . = ALIGN (0x4)
 *(.isr_vector)
 .isr_vector    0x08000000       0xc0 ./Core/Startup/startup_stm32l053c8tx.o
                0x08000000                g_pfnVectors
                0x080000c0                        . = ALIGN (0x4)

.text           0x080000c0     0x3ddc
                0x080000c0                        . = ALIGN (0x4)
 *(.text)
 .text          0x080000c0       0x48 C:/ST/STM32CubeIDE_1.17.0/STM32CubeIDE/plugins/com.st.stm32cube.ide.mcu.externaltools.gnu-tools-for-stm32.13.3.rel1.win32_1.0.0.202411081344/tools/bin/../lib/gcc/arm-none-eabi/13.3.1/thumb/v6-m/nofp/crtbegin.o
 .text          0x08000108      0x114 C:/ST/STM32CubeIDE_1.17.0/STM32CubeIDE/plugins/com.st.stm32cube.ide.mcu.externaltools.gnu-tools-for-stm32.13.3.rel1.win32_1.0.0.202411081344/tools/bin/../lib/gcc/arm-none-eabi/13.3.1/thumb/v6-m/nofp\libgcc.a(_udivsi3.o)
                0x08000108                __aeabi_uidiv
                0x08000108                __udivsi3
                0x08000214                __aeabi_uidivmod
 .text          0x0800021c        0x4 C:/ST/STM32CubeIDE_1.17.0/STM32CubeIDE/plugins/com.st.stm32cube.ide.mcu.externaltools.gnu-tools-for-stm32.13.3.rel1.win32_1.0.0.202411081344/tools/bin/../lib/gcc/arm-none-eabi/13.3.1/thumb/v6-m/nofp\libgcc.a(_dvmd_tls.o)
                0x0800021c                __aeabi_idiv0
                0x0800021c                __aeabi_ldiv0
 *(.text*)
 .text.main     0x08000220       0xa4 ./Core/Src/main.o
                0x08000220                main
 .text.SystemClock_Config
                0x080002c4       0xc0 ./Core/Src/main.o
                0x080002c4                SystemClock_Config
 .text.MX_IWDG_Init
                0x08000384       0x3c ./Core/Src/main.o
 .text.MX_SPI2_Init
                0x080003c0       0x70 ./Core/Src/main.o
 .text.MX_TIM6_Init
                0x08000430       0x74 ./Core/Src/main.o
 .text.MX_DMA_Init
                0x080004a4       0x3c ./Core/Src/main.o
 .text.MX_GPIO_Init
                0x080004e0       0xc4 ./Core/Src/main.o
 .text.HAL_SPI_TxCpltCallback
                0x080005a4       0x28 ./Core/Src/main.o
                0x080005a4                HAL_SPI_TxCpltCallback
 .text.HAL_SPI_RxCpltCallback
                0x080005cc       0x28 ./Core/Src/main.o
                0x080005cc                HAL_SPI_RxCpltCallback
 .text.Error_Handler
                0x080005f4        0xc ./Core/Src/main.o
                0x080005f4                Error_Handler
 .text.HAL_MspInit
                0x08000600       0x54 ./Core/Src/stm32l0xx_hal_msp.o
                0x08000600                HAL_MspInit
 .text.HAL_SPI_MspInit
                0x08000654      0x150 ./Core/Src/stm32l0xx_hal_msp.o
                0x08000654                HAL_SPI_MspInit
 .text.HAL_TIM_Base_MspInit
                0x080007a4       0x40 ./Core/Src/stm32l0xx_hal_msp.o
                0x080007a4                HAL_TIM_Base_MspInit
 .text.NMI_Handler
                0x080007e4        0x8 ./Core/Src/stm32l0xx_it.o
                0x080007e4                NMI_Handler
 .text.HardFault_Handler
                0x080007ec        0x8 ./Core/Src/stm32l0xx_it.o
                0x080007ec                HardFault_Handler
 .text.SVC_Handler
                0x080007f4        0xa ./Core/Src/stm32l0xx_it.o
                0x080007f4                SVC_Handler
 .text.PendSV_Handler
                0x080007fe        0xa ./Core/Src/stm32l0xx_it.o
                0x080007fe                PendSV_Handler
 .text.SysTick_Handler
                0x08000808        0xe ./Core/Src/stm32l0xx_it.o
                0x08000808                SysTick_Handler
 *fill*         0x08000816        0x2 
 .text.DMA1_Channel4_5_6_7_IRQHandler
                0x08000818       0x24 ./Core/Src/stm32l0xx_it.o
                0x08000818                DMA1_Channel4_5_6_7_IRQHandler
 .text.TIM6_DAC_IRQHandler
                0x0800083c       0x18 ./Core/Src/stm32l0xx_it.o
                0x0800083c                TIM6_DAC_IRQHandler
 .text.SPI2_IRQHandler
                0x08000854       0x18 ./Core/Src/stm32l0xx_it.o
                0x08000854                SPI2_IRQHandler
 .text.SystemInit
                0x0800086c        0xa ./Core/Src/system_stm32l0xx.o
                0x0800086c                SystemInit
 *fill*         0x08000876        0x2 
 .text.Reset_Handler
                0x08000878       0x50 ./Core/Startup/startup_stm32l053c8tx.o
                0x08000878                Reset_Handler
 .text.Default_Handler
                0x080008c8        0x2 ./Core/Startup/startup_stm32l053c8tx.o
                0x080008c8                TSC_IRQHandler
                0x080008c8                ADC1_COMP_IRQHandler
                0x080008c8                PVD_IRQHandler
                0x080008c8                I2C1_IRQHandler
                0x080008c8                RCC_CRS_IRQHandler
                0x080008c8                SPI1_IRQHandler
                0x080008c8                EXTI2_3_IRQHandler
                0x080008c8                I2C2_IRQHandler
                0x080008c8                RTC_IRQHandler
                0x080008c8                LCD_IRQHandler
                0x080008c8                EXTI4_15_IRQHandler
                0x080008c8                DMA1_Channel1_IRQHandler
                0x080008c8                Default_Handler
                0x080008c8                TIM22_IRQHandler
                0x080008c8                EXTI0_1_IRQHandler
                0x080008c8                USB_IRQHandler
                0x080008c8                TIM21_IRQHandler
                0x080008c8                WWDG_IRQHandler
                0x080008c8                TIM2_IRQHandler
                0x080008c8                DMA1_Channel2_3_IRQHandler
                0x080008c8                USART2_IRQHandler
                0x080008c8                FLASH_IRQHandler
                0x080008c8                USART1_IRQHandler
                0x080008c8                RNG_LPUART1_IRQHandler
                0x080008c8                LPTIM1_IRQHandler
 *fill*         0x080008ca        0x2 
 .text.HAL_Init
                0x080008cc       0x40 ./Drivers/STM32L0xx_HAL_Driver/Src/stm32l0xx_hal.o
                0x080008cc                HAL_Init
 .text.HAL_InitTick
                0x0800090c       0x68 ./Drivers/STM32L0xx_HAL_Driver/Src/stm32l0xx_hal.o
                0x0800090c                HAL_InitTick
 .text.HAL_IncTick
                0x08000974       0x24 ./Drivers/STM32L0xx_HAL_Driver/Src/stm32l0xx_hal.o
                0x08000974                HAL_IncTick
 .text.HAL_GetTick
                0x08000998       0x14 ./Drivers/STM32L0xx_HAL_Driver/Src/stm32l0xx_hal.o
                0x08000998                HAL_GetTick
 .text.HAL_Delay
                0x080009ac       0x48 ./Drivers/STM32L0xx_HAL_Driver/Src/stm32l0xx_hal.o
                0x080009ac                HAL_Delay
 .text.__NVIC_EnableIRQ
                0x080009f4       0x34 ./Drivers/STM32L0xx_HAL_Driver/Src/stm32l0xx_hal_cortex.o
 .text.__NVIC_SetPriority
                0x08000a28       0xdc ./Drivers/STM32L0xx_HAL_Driver/Src/stm32l0xx_hal_cortex.o
 .text.SysTick_Config
                0x08000b04       0x48 ./Drivers/STM32L0xx_HAL_Driver/Src/stm32l0xx_hal_cortex.o
 .text.HAL_NVIC_SetPriority
                0x08000b4c       0x2a ./Drivers/STM32L0xx_HAL_Driver/Src/stm32l0xx_hal_cortex.o
                0x08000b4c                HAL_NVIC_SetPriority
 .text.HAL_NVIC_EnableIRQ
                0x08000b76       0x20 ./Drivers/STM32L0xx_HAL_Driver/Src/stm32l0xx_hal_cortex.o
                0x08000b76                HAL_NVIC_EnableIRQ
 .text.HAL_SYSTICK_Config
                0x08000b96       0x1a ./Drivers/STM32L0xx_HAL_Driver/Src/stm32l0xx_hal_cortex.o
                0x08000b96                HAL_SYSTICK_Config
 .text.HAL_DMA_Init
                0x08000bb0       0xf0 ./Drivers/STM32L0xx_HAL_Driver/Src/stm32l0xx_hal_dma.o
                0x08000bb0                HAL_DMA_Init
 .text.HAL_DMA_Start_IT
                0x08000ca0       0xcc ./Drivers/STM32L0xx_HAL_Driver/Src/stm32l0xx_hal_dma.o
                0x08000ca0                HAL_DMA_Start_IT
 .text.HAL_DMA_Abort_IT
                0x08000d6c       0x8e ./Drivers/STM32L0xx_HAL_Driver/Src/stm32l0xx_hal_dma.o
                0x08000d6c                HAL_DMA_Abort_IT
 .text.HAL_DMA_IRQHandler
                0x08000dfa      0x15c ./Drivers/STM32L0xx_HAL_Driver/Src/stm32l0xx_hal_dma.o
                0x08000dfa                HAL_DMA_IRQHandler
 .text.DMA_SetConfig
                0x08000f56       0x5c ./Drivers/STM32L0xx_HAL_Driver/Src/stm32l0xx_hal_dma.o
 *fill*         0x08000fb2        0x2 
 .text.HAL_GPIO_Init
                0x08000fb4      0x2ec ./Drivers/STM32L0xx_HAL_Driver/Src/stm32l0xx_hal_gpio.o
                0x08000fb4                HAL_GPIO_Init
 .text.HAL_GPIO_WritePin
                0x080012a0       0x3a ./Drivers/STM32L0xx_HAL_Driver/Src/stm32l0xx_hal_gpio.o
                0x080012a0                HAL_GPIO_WritePin
 *fill*         0x080012da        0x2 
 .text.HAL_IWDG_Init
                0x080012dc       0xa4 ./Drivers/STM32L0xx_HAL_Driver/Src/stm32l0xx_hal_iwdg.o
                0x080012dc                HAL_IWDG_Init
 .text.HAL_IWDG_Refresh
                0x08001380       0x20 ./Drivers/STM32L0xx_HAL_Driver/Src/stm32l0xx_hal_iwdg.o
                0x08001380                HAL_IWDG_Refresh
 .text.HAL_PWR_ConfigPVD
                0x080013a0       0xc4 ./Drivers/STM32L0xx_HAL_Driver/Src/stm32l0xx_hal_pwr.o
                0x080013a0                HAL_PWR_ConfigPVD
 .text.HAL_PWR_EnablePVD
                0x08001464       0x1c ./Drivers/STM32L0xx_HAL_Driver/Src/stm32l0xx_hal_pwr.o
                0x08001464                HAL_PWR_EnablePVD
 .text.HAL_RCC_OscConfig
                0x08001480      0x788 ./Drivers/STM32L0xx_HAL_Driver/Src/stm32l0xx_hal_rcc.o
                0x08001480                HAL_RCC_OscConfig
 .text.HAL_RCC_ClockConfig
                0x08001c08      0x290 ./Drivers/STM32L0xx_HAL_Driver/Src/stm32l0xx_hal_rcc.o
                0x08001c08                HAL_RCC_ClockConfig
 .text.HAL_RCC_GetSysClockFreq
                0x08001e98      0x10c ./Drivers/STM32L0xx_HAL_Driver/Src/stm32l0xx_hal_rcc.o
                0x08001e98                HAL_RCC_GetSysClockFreq
 .text.HAL_SPI_Init
                0x08001fa4      0x128 ./Drivers/STM32L0xx_HAL_Driver/Src/stm32l0xx_hal_spi.o
                0x08001fa4                HAL_SPI_Init
 .text.HAL_SPI_Transmit_DMA
                0x080020cc      0x16c ./Drivers/STM32L0xx_HAL_Driver/Src/stm32l0xx_hal_spi.o
                0x080020cc                HAL_SPI_Transmit_DMA
 .text.HAL_SPI_Receive_DMA
                0x08002238      0x194 ./Drivers/STM32L0xx_HAL_Driver/Src/stm32l0xx_hal_spi.o
                0x08002238                HAL_SPI_Receive_DMA
 .text.HAL_SPI_TransmitReceive_DMA
                0x080023cc      0x210 ./Drivers/STM32L0xx_HAL_Driver/Src/stm32l0xx_hal_spi.o
                0x080023cc                HAL_SPI_TransmitReceive_DMA
 .text.HAL_SPI_IRQHandler
                0x080025dc      0x1fc ./Drivers/STM32L0xx_HAL_Driver/Src/stm32l0xx_hal_spi.o
                0x080025dc                HAL_SPI_IRQHandler
 .text.HAL_SPI_TxRxCpltCallback
                0x080027d8       0x10 ./Drivers/STM32L0xx_HAL_Driver/Src/stm32l0xx_hal_spi.o
                0x080027d8                HAL_SPI_TxRxCpltCallback
 .text.HAL_SPI_TxHalfCpltCallback
                0x080027e8       0x10 ./Drivers/STM32L0xx_HAL_Driver/Src/stm32l0xx_hal_spi.o
                0x080027e8                HAL_SPI_TxHalfCpltCallback
 .text.HAL_SPI_RxHalfCpltCallback
                0x080027f8       0x10 ./Drivers/STM32L0xx_HAL_Driver/Src/stm32l0xx_hal_spi.o
                0x080027f8                HAL_SPI_RxHalfCpltCallback
 .text.HAL_SPI_TxRxHalfCpltCallback
                0x08002808       0x10 ./Drivers/STM32L0xx_HAL_Driver/Src/stm32l0xx_hal_spi.o
                0x08002808                HAL_SPI_TxRxHalfCpltCallback
 .text.HAL_SPI_ErrorCallback
                0x08002818       0x10 ./Drivers/STM32L0xx_HAL_Driver/Src/stm32l0xx_hal_spi.o
                0x08002818                HAL_SPI_ErrorCallback
 .text.SPI_DMATransmitCplt
                0x08002828       0xac ./Drivers/STM32L0xx_HAL_Driver/Src/stm32l0xx_hal_spi.o
 .text.SPI_DMAReceiveCplt
                0x080028d4       0xae ./Drivers/STM32L0xx_HAL_Driver/Src/stm32l0xx_hal_spi.o
 .text.SPI_DMATransmitReceiveCplt
                0x08002982       0x94 ./Drivers/STM32L0xx_HAL_Driver/Src/stm32l0xx_hal_spi.o
 .text.SPI_DMAHalfTransmitCplt
                0x08002a16       0x1e ./Drivers/STM32L0xx_HAL_Driver/Src/stm32l0xx_hal_spi.o
 .text.SPI_DMAHalfReceiveCplt
                0x08002a34       0x1e ./Drivers/STM32L0xx_HAL_Driver/Src/stm32l0xx_hal_spi.o
 .text.SPI_DMAHalfTransmitReceiveCplt
                0x08002a52       0x1e ./Drivers/STM32L0xx_HAL_Driver/Src/stm32l0xx_hal_spi.o
 .text.SPI_DMAError
                0x08002a70       0x42 ./Drivers/STM32L0xx_HAL_Driver/Src/stm32l0xx_hal_spi.o
 .text.SPI_DMAAbortOnError
                0x08002ab2       0x2a ./Drivers/STM32L0xx_HAL_Driver/Src/stm32l0xx_hal_spi.o
 .text.SPI_WaitFlagStateUntilTimeout
                0x08002adc      0x11c ./Drivers/STM32L0xx_HAL_Driver/Src/stm32l0xx_hal_spi.o
 .text.SPI_EndRxTransaction
                0x08002bf8       0xd4 ./Drivers/STM32L0xx_HAL_Driver/Src/stm32l0xx_hal_spi.o
 .text.SPI_EndRxTxTransaction
                0x08002ccc       0xb4 ./Drivers/STM32L0xx_HAL_Driver/Src/stm32l0xx_hal_spi.o
 .text.HAL_TIM_Base_Init
                0x08002d80       0x80 ./Drivers/STM32L0xx_HAL_Driver/Src/stm32l0xx_hal_tim.o
                0x08002d80                HAL_TIM_Base_Init
 .text.HAL_TIM_IRQHandler
                0x08002e00      0x198 ./Drivers/STM32L0xx_HAL_Driver/Src/stm32l0xx_hal_tim.o
                0x08002e00                HAL_TIM_IRQHandler
 .text.HAL_TIM_PeriodElapsedCallback
                0x08002f98       0x10 ./Drivers/STM32L0xx_HAL_Driver/Src/stm32l0xx_hal_tim.o
                0x08002f98                HAL_TIM_PeriodElapsedCallback
 .text.HAL_TIM_OC_DelayElapsedCallback
                0x08002fa8       0x10 ./Drivers/STM32L0xx_HAL_Driver/Src/stm32l0xx_hal_tim.o
                0x08002fa8                HAL_TIM_OC_DelayElapsedCallback
 .text.HAL_TIM_IC_CaptureCallback
                0x08002fb8       0x10 ./Drivers/STM32L0xx_HAL_Driver/Src/stm32l0xx_hal_tim.o
                0x08002fb8                HAL_TIM_IC_CaptureCallback
 .text.HAL_TIM_PWM_PulseFinishedCallback
                0x08002fc8       0x10 ./Drivers/STM32L0xx_HAL_Driver/Src/stm32l0xx_hal_tim.o
                0x08002fc8                HAL_TIM_PWM_PulseFinishedCallback
 .text.HAL_TIM_TriggerCallback
                0x08002fd8       0x10 ./Drivers/STM32L0xx_HAL_Driver/Src/stm32l0xx_hal_tim.o
                0x08002fd8                HAL_TIM_TriggerCallback
 .text.TIM_Base_SetConfig
                0x08002fe8       0xb4 ./Drivers/STM32L0xx_HAL_Driver/Src/stm32l0xx_hal_tim.o
 .text.HAL_TIMEx_MasterConfigSynchronization
                0x0800309c       0xb0 ./Drivers/STM32L0xx_HAL_Driver/Src/stm32l0xx_hal_tim_ex.o
                0x0800309c                HAL_TIMEx_MasterConfigSynchronization
 .text.lis3mdl_process
                0x0800314c      0x364 ./Drivers/lis3mdl/lis3mdl.o
                0x0800314c                lis3mdl_process
 .text.lis3mdl_get_magnetic_data
                0x080034b0      0x1d8 ./Drivers/lis3mdl/lis3mdl.o
                0x080034b0                lis3mdl_get_magnetic_data
 .text.get_first_non_idling_device_index
                0x08003688       0x50 ./Drivers/lis3mdl/lis3mdl.o
                0x08003688                get_first_non_idling_device_index
 .text.lis3mdl_read_reg
                0x080036d8       0xfc ./Drivers/lis3mdl/lis3mdl.o
                0x080036d8                lis3mdl_read_reg
 .text.lis3mdl_clear_data
                0x080037d4       0x44 ./Drivers/lis3mdl/lis3mdl.o
                0x080037d4                lis3mdl_clear_data
 .text.lis3mdl_initialize_device_struct
                0x08003818       0x7a ./Drivers/lis3mdl/lis3mdl_device.o
                0x08003818                lis3mdl_initialize_device_struct
 .text.lis3mdl_setup_config_registers
                0x08003892       0x5c ./Drivers/lis3mdl/lis3mdl_device.o
                0x08003892                lis3mdl_setup_config_registers
 .text.lis3mdl_set_default_params
                0x080038ee       0xc4 ./Drivers/lis3mdl/lis3mdl_init_params.o
                0x080038ee                lis3mdl_set_default_params
 .text.lis3mdl_put_params_into_registers
                0x080039b2      0x3f8 ./Drivers/lis3mdl/lis3mdl_init_params.o
                0x080039b2                lis3mdl_put_params_into_registers
 *fill*         0x08003daa        0x2 
 .text.lis3mdl_change_state_due_to_spi_cplt
                0x08003dac       0x6c ./Drivers/lis3mdl/lis3mdl_process_state_machine.o
                0x08003dac                lis3mdl_change_state_due_to_spi_cplt
 .text.memset   0x08003e18       0x10 C:/ST/STM32CubeIDE_1.17.0/STM32CubeIDE/plugins/com.st.stm32cube.ide.mcu.externaltools.gnu-tools-for-stm32.13.3.rel1.win32_1.0.0.202411081344/tools/bin/../lib/gcc/arm-none-eabi/13.3.1/../../../../arm-none-eabi/lib/thumb/v6-m/nofp\libc_nano.a(libc_a-memset.o)
                0x08003e18                memset
 .text.__libc_init_array
                0x08003e28       0x48 C:/ST/STM32CubeIDE_1.17.0/STM32CubeIDE/plugins/com.st.stm32cube.ide.mcu.externaltools.gnu-tools-for-stm32.13.3.rel1.win32_1.0.0.202411081344/tools/bin/../lib/gcc/arm-none-eabi/13.3.1/../../../../arm-none-eabi/lib/thumb/v6-m/nofp\libc_nano.a(libc_a-init.o)
                0x08003e28                __libc_init_array
 .text.memcpy   0x08003e70       0x12 C:/ST/STM32CubeIDE_1.17.0/STM32CubeIDE/plugins/com.st.stm32cube.ide.mcu.externaltools.gnu-tools-for-stm32.13.3.rel1.win32_1.0.0.202411081344/tools/bin/../lib/gcc/arm-none-eabi/13.3.1/../../../../arm-none-eabi/lib/thumb/v6-m/nofp\libc_nano.a(libc_a-memcpy-stub.o)
                0x08003e70                memcpy
 *(.glue_7)
 .glue_7        0x08003e82        0x0 linker stubs
 *(.glue_7t)
 .glue_7t       0x08003e82        0x0 linker stubs
 *(.eh_frame)
 *fill*         0x08003e82        0x2 
 .eh_frame      0x08003e84        0x0 C:/ST/STM32CubeIDE_1.17.0/STM32CubeIDE/plugins/com.st.stm32cube.ide.mcu.externaltools.gnu-tools-for-stm32.13.3.rel1.win32_1.0.0.202411081344/tools/bin/../lib/gcc/arm-none-eabi/13.3.1/thumb/v6-m/nofp/crtbegin.o
 *(.init)
 .init          0x08003e84        0x4 C:/ST/STM32CubeIDE_1.17.0/STM32CubeIDE/plugins/com.st.stm32cube.ide.mcu.externaltools.gnu-tools-for-stm32.13.3.rel1.win32_1.0.0.202411081344/tools/bin/../lib/gcc/arm-none-eabi/13.3.1/thumb/v6-m/nofp/crti.o
                0x08003e84                _init
 .init          0x08003e88        0x8 C:/ST/STM32CubeIDE_1.17.0/STM32CubeIDE/plugins/com.st.stm32cube.ide.mcu.externaltools.gnu-tools-for-stm32.13.3.rel1.win32_1.0.0.202411081344/tools/bin/../lib/gcc/arm-none-eabi/13.3.1/thumb/v6-m/nofp/crtn.o
 *(.fini)
 .fini          0x08003e90        0x4 C:/ST/STM32CubeIDE_1.17.0/STM32CubeIDE/plugins/com.st.stm32cube.ide.mcu.externaltools.gnu-tools-for-stm32.13.3.rel1.win32_1.0.0.202411081344/tools/bin/../lib/gcc/arm-none-eabi/13.3.1/thumb/v6-m/nofp/crti.o
                0x08003e90                _fini
 .fini          0x08003e94        0x8 C:/ST/STM32CubeIDE_1.17.0/STM32CubeIDE/plugins/com.st.stm32cube.ide.mcu.externaltools.gnu-tools-for-stm32.13.3.rel1.win32_1.0.0.202411081344/tools/bin/../lib/gcc/arm-none-eabi/13.3.1/thumb/v6-m/nofp/crtn.o
                0x08003e9c                        . = ALIGN (0x4)
                0x08003e9c                        _etext = .

.vfp11_veneer   0x08003e9c        0x0
 .vfp11_veneer  0x08003e9c        0x0 linker stubs

.v4_bx          0x08003e9c        0x0
 .v4_bx         0x08003e9c        0x0 linker stubs

.iplt           0x08003e9c        0x0
 .iplt          0x08003e9c        0x0 C:/ST/STM32CubeIDE_1.17.0/STM32CubeIDE/plugins/com.st.stm32cube.ide.mcu.externaltools.gnu-tools-for-stm32.13.3.rel1.win32_1.0.0.202411081344/tools/bin/../lib/gcc/arm-none-eabi/13.3.1/thumb/v6-m/nofp/crtbegin.o

.rodata         0x08003e9c       0x64
                0x08003e9c                        . = ALIGN (0x4)
 *(.rodata)
 *(.rodata*)
 .rodata.AHBPrescTable
                0x08003e9c       0x10 ./Core/Src/system_stm32l0xx.o
                0x08003e9c                AHBPrescTable
 .rodata.PLLMulTable
                0x08003eac        0x9 ./Core/Src/system_stm32l0xx.o
                0x08003eac                PLLMulTable
 *fill*         0x08003eb5        0x3 
 .rodata.lis3mdl_process
                0x08003eb8       0x24 ./Drivers/lis3mdl/lis3mdl.o
 .rodata.lis3mdl_change_state_due_to_spi_cplt
                0x08003edc       0x24 ./Drivers/lis3mdl/lis3mdl_process_state_machine.o
                0x08003f00                        . = ALIGN (0x4)

.ARM.extab      0x08003f00        0x0
                0x08003f00                        . = ALIGN (0x4)
 *(.ARM.extab* .gnu.linkonce.armextab.*)
                0x08003f00                        . = ALIGN (0x4)

.ARM            0x08003f00        0x0
                0x08003f00                        . = ALIGN (0x4)
                0x08003f00                        __exidx_start = .
 *(.ARM.exidx*)
                0x08003f00                        __exidx_end = .
                0x08003f00                        . = ALIGN (0x4)

.preinit_array  0x08003f00        0x0
                0x08003f00                        . = ALIGN (0x4)
                0x08003f00                        PROVIDE (__preinit_array_start = .)
 *(.preinit_array*)
                0x08003f00                        PROVIDE (__preinit_array_end = .)
                0x08003f00                        . = ALIGN (0x4)

.init_array     0x08003f00        0x4
                0x08003f00                        . = ALIGN (0x4)
                0x08003f00                        PROVIDE (__init_array_start = .)
 *(SORT_BY_NAME(.init_array.*))
 *(.init_array*)
 .init_array    0x08003f00        0x4 C:/ST/STM32CubeIDE_1.17.0/STM32CubeIDE/plugins/com.st.stm32cube.ide.mcu.externaltools.gnu-tools-for-stm32.13.3.rel1.win32_1.0.0.202411081344/tools/bin/../lib/gcc/arm-none-eabi/13.3.1/thumb/v6-m/nofp/crtbegin.o
                0x08003f04                        PROVIDE (__init_array_end = .)
                0x08003f04                        . = ALIGN (0x4)

.fini_array     0x08003f04        0x4
                0x08003f04                        . = ALIGN (0x4)
                [!provide]                        PROVIDE (__fini_array_start = .)
 *(SORT_BY_NAME(.fini_array.*))
 *(.fini_array*)
 .fini_array    0x08003f04        0x4 C:/ST/STM32CubeIDE_1.17.0/STM32CubeIDE/plugins/com.st.stm32cube.ide.mcu.externaltools.gnu-tools-for-stm32.13.3.rel1.win32_1.0.0.202411081344/tools/bin/../lib/gcc/arm-none-eabi/13.3.1/thumb/v6-m/nofp/crtbegin.o
                [!provide]                        PROVIDE (__fini_array_end = .)
                0x08003f08                        . = ALIGN (0x4)
                0x08003f08                        _sidata = LOADADDR (.data)

.rel.dyn        0x08003f08        0x0
 .rel.iplt      0x08003f08        0x0 C:/ST/STM32CubeIDE_1.17.0/STM32CubeIDE/plugins/com.st.stm32cube.ide.mcu.externaltools.gnu-tools-for-stm32.13.3.rel1.win32_1.0.0.202411081344/tools/bin/../lib/gcc/arm-none-eabi/13.3.1/thumb/v6-m/nofp/crtbegin.o

.data           0x20000000        0xc load address 0x08003f08
                0x20000000                        . = ALIGN (0x4)
                0x20000000                        _sdata = .
 *(.data)
 *(.data*)
 .data.SystemCoreClock
                0x20000000        0x4 ./Core/Src/system_stm32l0xx.o
                0x20000000                SystemCoreClock
 .data.uwTickPrio
                0x20000004        0x4 ./Drivers/STM32L0xx_HAL_Driver/Src/stm32l0xx_hal.o
                0x20000004                uwTickPrio
 .data.uwTickFreq
                0x20000008        0x1 ./Drivers/STM32L0xx_HAL_Driver/Src/stm32l0xx_hal.o
                0x20000008                uwTickFreq
 *(.RamFunc)
 *(.RamFunc*)
                0x2000000c                        . = ALIGN (0x4)
 *fill*         0x20000009        0x3 
                0x2000000c                        _edata = .

.igot.plt       0x2000000c        0x0 load address 0x08003f14
 .igot.plt      0x2000000c        0x0 C:/ST/STM32CubeIDE_1.17.0/STM32CubeIDE/plugins/com.st.stm32cube.ide.mcu.externaltools.gnu-tools-for-stm32.13.3.rel1.win32_1.0.0.202411081344/tools/bin/../lib/gcc/arm-none-eabi/13.3.1/thumb/v6-m/nofp/crtbegin.o
                0x2000000c                        . = ALIGN (0x4)

.bss            0x2000000c      0x16c load address 0x08003f14
                0x2000000c                        _sbss = .
                0x2000000c                        __bss_start__ = _sbss
 *(.bss)
 .bss           0x2000000c       0x1c C:/ST/STM32CubeIDE_1.17.0/STM32CubeIDE/plugins/com.st.stm32cube.ide.mcu.externaltools.gnu-tools-for-stm32.13.3.rel1.win32_1.0.0.202411081344/tools/bin/../lib/gcc/arm-none-eabi/13.3.1/thumb/v6-m/nofp/crtbegin.o
 *(.bss*)
 .bss.hiwdg     0x20000028       0x10 ./Core/Src/main.o
                0x20000028                hiwdg
 .bss.hspi2     0x20000038       0x58 ./Core/Src/main.o
                0x20000038                hspi2
 .bss.hdma_spi2_rx
                0x20000090       0x48 ./Core/Src/main.o
                0x20000090                hdma_spi2_rx
 .bss.hdma_spi2_tx
                0x200000d8       0x48 ./Core/Src/main.o
                0x200000d8                hdma_spi2_tx
 .bss.htim6     0x20000120       0x40 ./Core/Src/main.o
                0x20000120                htim6
 .bss.spi_cplt_flag
                0x20000160        0x1 ./Core/Src/main.o
                0x20000160                spi_cplt_flag
 *fill*         0x20000161        0x3 
 .bss.magnetic_data
                0x20000164        0x6 ./Core/Src/main.o
                0x20000164                magnetic_data
 *fill*         0x2000016a        0x2 
 .bss.uwTick    0x2000016c        0x4 ./Drivers/STM32L0xx_HAL_Driver/Src/stm32l0xx_hal.o
                0x2000016c                uwTick
 .bss.dev_index.1
                0x20000170        0x4 ./Drivers/lis3mdl/lis3mdl.o
 .bss.spi_transaction_started.0
                0x20000174        0x1 ./Drivers/lis3mdl/lis3mdl.o
 *(COMMON)
                0x20000178                        . = ALIGN (0x4)
 *fill*         0x20000175        0x3 
                0x20000178                        _ebss = .
                0x20000178                        __bss_end__ = _ebss

._user_heap_stack
                0x20000178      0x600 load address 0x08003f14
                0x20000178                        . = ALIGN (0x8)
                [!provide]                        PROVIDE (end = .)
                0x20000178                        PROVIDE (_end = .)
                0x20000378                        . = (. + _Min_Heap_Size)
 *fill*         0x20000178      0x200 
                0x20000778                        . = (. + _Min_Stack_Size)
 *fill*         0x20000378      0x400 
                0x20000778                        . = ALIGN (0x8)

/DISCARD/
 libc.a(*)
 libm.a(*)
 libgcc.a(*)

.ARM.attributes
                0x00000000       0x28
 *(.ARM.attributes)
 .ARM.attributes
                0x00000000       0x1e C:/ST/STM32CubeIDE_1.17.0/STM32CubeIDE/plugins/com.st.stm32cube.ide.mcu.externaltools.gnu-tools-for-stm32.13.3.rel1.win32_1.0.0.202411081344/tools/bin/../lib/gcc/arm-none-eabi/13.3.1/thumb/v6-m/nofp/crti.o
 .ARM.attributes
                0x0000001e       0x2c C:/ST/STM32CubeIDE_1.17.0/STM32CubeIDE/plugins/com.st.stm32cube.ide.mcu.externaltools.gnu-tools-for-stm32.13.3.rel1.win32_1.0.0.202411081344/tools/bin/../lib/gcc/arm-none-eabi/13.3.1/thumb/v6-m/nofp/crtbegin.o
 .ARM.attributes
                0x0000004a       0x2c ./Core/Src/main.o
 .ARM.attributes
                0x00000076       0x2c ./Core/Src/stm32l0xx_hal_msp.o
 .ARM.attributes
                0x000000a2       0x2c ./Core/Src/stm32l0xx_it.o
 .ARM.attributes
                0x000000ce       0x2c ./Core/Src/system_stm32l0xx.o
 .ARM.attributes
                0x000000fa       0x22 ./Core/Startup/startup_stm32l053c8tx.o
 .ARM.attributes
                0x0000011c       0x2c ./Drivers/STM32L0xx_HAL_Driver/Src/stm32l0xx_hal.o
 .ARM.attributes
                0x00000148       0x2c ./Drivers/STM32L0xx_HAL_Driver/Src/stm32l0xx_hal_cortex.o
 .ARM.attributes
                0x00000174       0x2c ./Drivers/STM32L0xx_HAL_Driver/Src/stm32l0xx_hal_dma.o
 .ARM.attributes
                0x000001a0       0x2c ./Drivers/STM32L0xx_HAL_Driver/Src/stm32l0xx_hal_gpio.o
 .ARM.attributes
                0x000001cc       0x2c ./Drivers/STM32L0xx_HAL_Driver/Src/stm32l0xx_hal_iwdg.o
 .ARM.attributes
                0x000001f8       0x2c ./Drivers/STM32L0xx_HAL_Driver/Src/stm32l0xx_hal_pwr.o
 .ARM.attributes
                0x00000224       0x2c ./Drivers/STM32L0xx_HAL_Driver/Src/stm32l0xx_hal_rcc.o
 .ARM.attributes
                0x00000250       0x2c ./Drivers/STM32L0xx_HAL_Driver/Src/stm32l0xx_hal_spi.o
 .ARM.attributes
                0x0000027c       0x2c ./Drivers/STM32L0xx_HAL_Driver/Src/stm32l0xx_hal_tim.o
 .ARM.attributes
                0x000002a8       0x2c ./Drivers/STM32L0xx_HAL_Driver/Src/stm32l0xx_hal_tim_ex.o
 .ARM.attributes
                0x000002d4       0x2c ./Drivers/lis3mdl/lis3mdl.o
 .ARM.attributes
                0x00000300       0x2c ./Drivers/lis3mdl/lis3mdl_device.o
 .ARM.attributes
                0x0000032c       0x2c ./Drivers/lis3mdl/lis3mdl_init_params.o
 .ARM.attributes
                0x00000358       0x2c ./Drivers/lis3mdl/lis3mdl_process_state_machine.o
 .ARM.attributes
                0x00000384       0x2c C:/ST/STM32CubeIDE_1.17.0/STM32CubeIDE/plugins/com.st.stm32cube.ide.mcu.externaltools.gnu-tools-for-stm32.13.3.rel1.win32_1.0.0.202411081344/tools/bin/../lib/gcc/arm-none-eabi/13.3.1/../../../../arm-none-eabi/lib/thumb/v6-m/nofp\libc_nano.a(libc_a-memset.o)
 .ARM.attributes
                0x000003b0       0x2c C:/ST/STM32CubeIDE_1.17.0/STM32CubeIDE/plugins/com.st.stm32cube.ide.mcu.externaltools.gnu-tools-for-stm32.13.3.rel1.win32_1.0.0.202411081344/tools/bin/../lib/gcc/arm-none-eabi/13.3.1/../../../../arm-none-eabi/lib/thumb/v6-m/nofp\libc_nano.a(libc_a-init.o)
 .ARM.attributes
                0x000003dc       0x2c C:/ST/STM32CubeIDE_1.17.0/STM32CubeIDE/plugins/com.st.stm32cube.ide.mcu.externaltools.gnu-tools-for-stm32.13.3.rel1.win32_1.0.0.202411081344/tools/bin/../lib/gcc/arm-none-eabi/13.3.1/../../../../arm-none-eabi/lib/thumb/v6-m/nofp\libc_nano.a(libc_a-memcpy-stub.o)
 .ARM.attributes
                0x00000408       0x1e C:/ST/STM32CubeIDE_1.17.0/STM32CubeIDE/plugins/com.st.stm32cube.ide.mcu.externaltools.gnu-tools-for-stm32.13.3.rel1.win32_1.0.0.202411081344/tools/bin/../lib/gcc/arm-none-eabi/13.3.1/thumb/v6-m/nofp\libgcc.a(_udivsi3.o)
 .ARM.attributes
                0x00000426       0x1e C:/ST/STM32CubeIDE_1.17.0/STM32CubeIDE/plugins/com.st.stm32cube.ide.mcu.externaltools.gnu-tools-for-stm32.13.3.rel1.win32_1.0.0.202411081344/tools/bin/../lib/gcc/arm-none-eabi/13.3.1/thumb/v6-m/nofp\libgcc.a(_dvmd_tls.o)
 .ARM.attributes
                0x00000444       0x1e C:/ST/STM32CubeIDE_1.17.0/STM32CubeIDE/plugins/com.st.stm32cube.ide.mcu.externaltools.gnu-tools-for-stm32.13.3.rel1.win32_1.0.0.202411081344/tools/bin/../lib/gcc/arm-none-eabi/13.3.1/thumb/v6-m/nofp/crtn.o
OUTPUT(STM32_L053C8_MCU_LIS3MDL_Uzduotis.elf elf32-littlearm)
LOAD linker stubs
LOAD C:/ST/STM32CubeIDE_1.17.0/STM32CubeIDE/plugins/com.st.stm32cube.ide.mcu.externaltools.gnu-tools-for-stm32.13.3.rel1.win32_1.0.0.202411081344/tools/bin/../lib/gcc/arm-none-eabi/13.3.1/../../../../arm-none-eabi/lib/thumb/v6-m/nofp\libc.a
LOAD C:/ST/STM32CubeIDE_1.17.0/STM32CubeIDE/plugins/com.st.stm32cube.ide.mcu.externaltools.gnu-tools-for-stm32.13.3.rel1.win32_1.0.0.202411081344/tools/bin/../lib/gcc/arm-none-eabi/13.3.1/../../../../arm-none-eabi/lib/thumb/v6-m/nofp\libm.a
LOAD C:/ST/STM32CubeIDE_1.17.0/STM32CubeIDE/plugins/com.st.stm32cube.ide.mcu.externaltools.gnu-tools-for-stm32.13.3.rel1.win32_1.0.0.202411081344/tools/bin/../lib/gcc/arm-none-eabi/13.3.1/thumb/v6-m/nofp\libgcc.a

.debug_info     0x00000000     0xbef2
 .debug_info    0x00000000     0x174e ./Core/Src/main.o
 .debug_info    0x0000174e      0xdae ./Core/Src/stm32l0xx_hal_msp.o
 .debug_info    0x000024fc      0x965 ./Core/Src/stm32l0xx_it.o
 .debug_info    0x00002e61      0x2d0 ./Core/Src/system_stm32l0xx.o
 .debug_info    0x00003131       0x30 ./Core/Startup/startup_stm32l053c8tx.o
 .debug_info    0x00003161      0x863 ./Drivers/STM32L0xx_HAL_Driver/Src/stm32l0xx_hal.o
 .debug_info    0x000039c4      0x88a ./Drivers/STM32L0xx_HAL_Driver/Src/stm32l0xx_hal_cortex.o
 .debug_info    0x0000424e      0x70b ./Drivers/STM32L0xx_HAL_Driver/Src/stm32l0xx_hal_dma.o
 .debug_info    0x00004959      0x624 ./Drivers/STM32L0xx_HAL_Driver/Src/stm32l0xx_hal_gpio.o
 .debug_info    0x00004f7d      0x1f7 ./Drivers/STM32L0xx_HAL_Driver/Src/stm32l0xx_hal_iwdg.o
 .debug_info    0x00005174      0x603 ./Drivers/STM32L0xx_HAL_Driver/Src/stm32l0xx_hal_pwr.o
 .debug_info    0x00005777      0x9f9 ./Drivers/STM32L0xx_HAL_Driver/Src/stm32l0xx_hal_rcc.o
 .debug_info    0x00006170     0x14f4 ./Drivers/STM32L0xx_HAL_Driver/Src/stm32l0xx_hal_spi.o
 .debug_info    0x00007664     0x27d1 ./Drivers/STM32L0xx_HAL_Driver/Src/stm32l0xx_hal_tim.o
 .debug_info    0x00009e35      0x6af ./Drivers/STM32L0xx_HAL_Driver/Src/stm32l0xx_hal_tim_ex.o
 .debug_info    0x0000a4e4      0xaff ./Drivers/lis3mdl/lis3mdl.o
 .debug_info    0x0000afe3      0xadc ./Drivers/lis3mdl/lis3mdl_device.o
 .debug_info    0x0000babf      0x365 ./Drivers/lis3mdl/lis3mdl_init_params.o
 .debug_info    0x0000be24       0xce ./Drivers/lis3mdl/lis3mdl_process_state_machine.o

.debug_abbrev   0x00000000     0x219a
 .debug_abbrev  0x00000000      0x2c6 ./Core/Src/main.o
 .debug_abbrev  0x000002c6      0x220 ./Core/Src/stm32l0xx_hal_msp.o
 .debug_abbrev  0x000004e6      0x1aa ./Core/Src/stm32l0xx_it.o
 .debug_abbrev  0x00000690      0x11c ./Core/Src/system_stm32l0xx.o
 .debug_abbrev  0x000007ac       0x24 ./Core/Startup/startup_stm32l053c8tx.o
 .debug_abbrev  0x000007d0      0x2a0 ./Drivers/STM32L0xx_HAL_Driver/Src/stm32l0xx_hal.o
 .debug_abbrev  0x00000a70      0x29b ./Drivers/STM32L0xx_HAL_Driver/Src/stm32l0xx_hal_cortex.o
 .debug_abbrev  0x00000d0b      0x1cd ./Drivers/STM32L0xx_HAL_Driver/Src/stm32l0xx_hal_dma.o
 .debug_abbrev  0x00000ed8      0x1ca ./Drivers/STM32L0xx_HAL_Driver/Src/stm32l0xx_hal_gpio.o
 .debug_abbrev  0x000010a2      0x14d ./Drivers/STM32L0xx_HAL_Driver/Src/stm32l0xx_hal_iwdg.o
 .debug_abbrev  0x000011ef      0x18b ./Drivers/STM32L0xx_HAL_Driver/Src/stm32l0xx_hal_pwr.o
 .debug_abbrev  0x0000137a      0x296 ./Drivers/STM32L0xx_HAL_Driver/Src/stm32l0xx_hal_rcc.o
 .debug_abbrev  0x00001610      0x274 ./Drivers/STM32L0xx_HAL_Driver/Src/stm32l0xx_hal_spi.o
 .debug_abbrev  0x00001884      0x272 ./Drivers/STM32L0xx_HAL_Driver/Src/stm32l0xx_hal_tim.o
 .debug_abbrev  0x00001af6      0x1ab ./Drivers/STM32L0xx_HAL_Driver/Src/stm32l0xx_hal_tim_ex.o
 .debug_abbrev  0x00001ca1      0x232 ./Drivers/lis3mdl/lis3mdl.o
 .debug_abbrev  0x00001ed3      0x187 ./Drivers/lis3mdl/lis3mdl_device.o
 .debug_abbrev  0x0000205a       0xb7 ./Drivers/lis3mdl/lis3mdl_init_params.o
 .debug_abbrev  0x00002111       0x89 ./Drivers/lis3mdl/lis3mdl_process_state_machine.o

.debug_aranges  0x00000000      0xbe0
 .debug_aranges
                0x00000000       0x68 ./Core/Src/main.o
 .debug_aranges
                0x00000068       0x40 ./Core/Src/stm32l0xx_hal_msp.o
 .debug_aranges
                0x000000a8       0x58 ./Core/Src/stm32l0xx_it.o
 .debug_aranges
                0x00000100       0x28 ./Core/Src/system_stm32l0xx.o
 .debug_aranges
                0x00000128       0x28 ./Core/Startup/startup_stm32l053c8tx.o
 .debug_aranges
                0x00000150      0x110 ./Drivers/STM32L0xx_HAL_Driver/Src/stm32l0xx_hal.o
 .debug_aranges
                0x00000260       0xe8 ./Drivers/STM32L0xx_HAL_Driver/Src/stm32l0xx_hal_cortex.o
 .debug_aranges
                0x00000348       0x80 ./Drivers/STM32L0xx_HAL_Driver/Src/stm32l0xx_hal_dma.o
 .debug_aranges
                0x000003c8       0x58 ./Drivers/STM32L0xx_HAL_Driver/Src/stm32l0xx_hal_gpio.o
 .debug_aranges
                0x00000420       0x28 ./Drivers/STM32L0xx_HAL_Driver/Src/stm32l0xx_hal_iwdg.o
 .debug_aranges
                0x00000448       0xa0 ./Drivers/STM32L0xx_HAL_Driver/Src/stm32l0xx_hal_pwr.o
 .debug_aranges
                0x000004e8       0x80 ./Drivers/STM32L0xx_HAL_Driver/Src/stm32l0xx_hal_rcc.o
 .debug_aranges
                0x00000568      0x1d0 ./Drivers/STM32L0xx_HAL_Driver/Src/stm32l0xx_hal_spi.o
 .debug_aranges
                0x00000738      0x3d0 ./Drivers/STM32L0xx_HAL_Driver/Src/stm32l0xx_hal_tim.o
 .debug_aranges
                0x00000b08       0x28 ./Drivers/STM32L0xx_HAL_Driver/Src/stm32l0xx_hal_tim_ex.o
 .debug_aranges
                0x00000b30       0x40 ./Drivers/lis3mdl/lis3mdl.o
 .debug_aranges
                0x00000b70       0x28 ./Drivers/lis3mdl/lis3mdl_device.o
 .debug_aranges
                0x00000b98       0x28 ./Drivers/lis3mdl/lis3mdl_init_params.o
 .debug_aranges
                0x00000bc0       0x20 ./Drivers/lis3mdl/lis3mdl_process_state_machine.o

.debug_rnglists
                0x00000000      0x8fe
 .debug_rnglists
                0x00000000       0x4c ./Core/Src/main.o
 .debug_rnglists
                0x0000004c       0x2c ./Core/Src/stm32l0xx_hal_msp.o
 .debug_rnglists
                0x00000078       0x3d ./Core/Src/stm32l0xx_it.o
 .debug_rnglists
                0x000000b5       0x1a ./Core/Src/system_stm32l0xx.o
 .debug_rnglists
                0x000000cf       0x19 ./Core/Startup/startup_stm32l053c8tx.o
 .debug_rnglists
                0x000000e8       0xc7 ./Drivers/STM32L0xx_HAL_Driver/Src/stm32l0xx_hal.o
 .debug_rnglists
                0x000001af       0xaa ./Drivers/STM32L0xx_HAL_Driver/Src/stm32l0xx_hal_cortex.o
 .debug_rnglists
                0x00000259       0x65 ./Drivers/STM32L0xx_HAL_Driver/Src/stm32l0xx_hal_dma.o
 .debug_rnglists
                0x000002be       0x3f ./Drivers/STM32L0xx_HAL_Driver/Src/stm32l0xx_hal_gpio.o
 .debug_rnglists
                0x000002fd       0x1a ./Drivers/STM32L0xx_HAL_Driver/Src/stm32l0xx_hal_iwdg.o
 .debug_rnglists
                0x00000317       0x76 ./Drivers/STM32L0xx_HAL_Driver/Src/stm32l0xx_hal_pwr.o
 .debug_rnglists
                0x0000038d       0x61 ./Drivers/STM32L0xx_HAL_Driver/Src/stm32l0xx_hal_rcc.o
 .debug_rnglists
                0x000003ee      0x171 ./Drivers/STM32L0xx_HAL_Driver/Src/stm32l0xx_hal_spi.o
 .debug_rnglists
                0x0000055f      0x310 ./Drivers/STM32L0xx_HAL_Driver/Src/stm32l0xx_hal_tim.o
 .debug_rnglists
                0x0000086f       0x1a ./Drivers/STM32L0xx_HAL_Driver/Src/stm32l0xx_hal_tim_ex.o
 .debug_rnglists
                0x00000889       0x2e ./Drivers/lis3mdl/lis3mdl.o
 .debug_rnglists
                0x000008b7       0x19 ./Drivers/lis3mdl/lis3mdl_device.o
 .debug_rnglists
                0x000008d0       0x1b ./Drivers/lis3mdl/lis3mdl_init_params.o
 .debug_rnglists
                0x000008eb       0x13 ./Drivers/lis3mdl/lis3mdl_process_state_machine.o

.debug_macro    0x00000000    0x14136
 .debug_macro   0x00000000      0x1fb ./Core/Src/main.o
 .debug_macro   0x000001fb      0xaae ./Core/Src/main.o
 .debug_macro   0x00000ca9      0x125 ./Core/Src/main.o
 .debug_macro   0x00000dce       0x2e ./Core/Src/main.o
 .debug_macro   0x00000dfc       0x28 ./Core/Src/main.o
 .debug_macro   0x00000e24       0x22 ./Core/Src/main.o
 .debug_macro   0x00000e46       0x8e ./Core/Src/main.o
 .debug_macro   0x00000ed4       0x51 ./Core/Src/main.o
 .debug_macro   0x00000f25      0x103 ./Core/Src/main.o
 .debug_macro   0x00001028       0x6a ./Core/Src/main.o
 .debug_macro   0x00001092      0x1df ./Core/Src/main.o
 .debug_macro   0x00001271       0x1c ./Core/Src/main.o
 .debug_macro   0x0000128d       0x22 ./Core/Src/main.o
 .debug_macro   0x000012af       0xaf ./Core/Src/main.o
 .debug_macro   0x0000135e      0x4da ./Core/Src/main.o
 .debug_macro   0x00001838      0x11f ./Core/Src/main.o
 .debug_macro   0x00001957     0x9f52 ./Core/Src/main.o
 .debug_macro   0x0000b8a9       0x66 ./Core/Src/main.o
 .debug_macro   0x0000b90f     0x35ac ./Core/Src/main.o
 .debug_macro   0x0000eebb      0x190 ./Core/Src/main.o
 .debug_macro   0x0000f04b       0x5c ./Core/Src/main.o
 .debug_macro   0x0000f0a7      0x8e4 ./Core/Src/main.o
 .debug_macro   0x0000f98b      0x9d2 ./Core/Src/main.o
 .debug_macro   0x0001035d      0x190 ./Core/Src/main.o
 .debug_macro   0x000104ed      0x13f ./Core/Src/main.o
 .debug_macro   0x0001062c      0x17d ./Core/Src/main.o
 .debug_macro   0x000107a9       0x82 ./Core/Src/main.o
 .debug_macro   0x0001082b      0x28e ./Core/Src/main.o
 .debug_macro   0x00010ab9      0x1e9 ./Core/Src/main.o
 .debug_macro   0x00010ca2      0x128 ./Core/Src/main.o
 .debug_macro   0x00010dca      0x2ab ./Core/Src/main.o
 .debug_macro   0x00011075       0x85 ./Core/Src/main.o
 .debug_macro   0x000110fa      0x180 ./Core/Src/main.o
 .debug_macro   0x0001127a       0x16 ./Core/Src/main.o
 .debug_macro   0x00011290      0x22c ./Core/Src/main.o
 .debug_macro   0x000114bc      0x788 ./Core/Src/main.o
 .debug_macro   0x00011c44       0xcc ./Core/Src/main.o
 .debug_macro   0x00011d10      0x16c ./Core/Src/main.o
 .debug_macro   0x00011e7c       0x40 ./Core/Src/main.o
 .debug_macro   0x00011ebc      0x190 ./Core/Src/main.o
 .debug_macro   0x0001204c      0x1c4 ./Core/Src/stm32l0xx_hal_msp.o
 .debug_macro   0x00012210      0x1ce ./Core/Src/stm32l0xx_it.o
 .debug_macro   0x000123de      0x1b5 ./Core/Src/system_stm32l0xx.o
 .debug_macro   0x00012593      0x1d9 ./Drivers/STM32L0xx_HAL_Driver/Src/stm32l0xx_hal.o
 .debug_macro   0x0001276c      0x1b5 ./Drivers/STM32L0xx_HAL_Driver/Src/stm32l0xx_hal_cortex.o
 .debug_macro   0x00012921      0x1b5 ./Drivers/STM32L0xx_HAL_Driver/Src/stm32l0xx_hal_dma.o
 .debug_macro   0x00012ad6      0x1bc ./Drivers/STM32L0xx_HAL_Driver/Src/stm32l0xx_hal_gpio.o
 .debug_macro   0x00012c92      0x1c3 ./Drivers/STM32L0xx_HAL_Driver/Src/stm32l0xx_hal_iwdg.o
 .debug_macro   0x00012e55      0x1cd ./Drivers/STM32L0xx_HAL_Driver/Src/stm32l0xx_hal_pwr.o
 .debug_macro   0x00013022      0x1eb ./Drivers/STM32L0xx_HAL_Driver/Src/stm32l0xx_hal_rcc.o
 .debug_macro   0x0001320d      0x1c4 ./Drivers/STM32L0xx_HAL_Driver/Src/stm32l0xx_hal_spi.o
 .debug_macro   0x000133d1      0x1b6 ./Drivers/STM32L0xx_HAL_Driver/Src/stm32l0xx_hal_tim.o
 .debug_macro   0x00013587      0x1b5 ./Drivers/STM32L0xx_HAL_Driver/Src/stm32l0xx_hal_tim_ex.o
 .debug_macro   0x0001373c      0x303 ./Drivers/lis3mdl/lis3mdl.o
 .debug_macro   0x00013a3f       0x61 ./Drivers/lis3mdl/lis3mdl.o
 .debug_macro   0x00013aa0       0x16 ./Drivers/lis3mdl/lis3mdl.o
 .debug_macro   0x00013ab6       0x9e ./Drivers/lis3mdl/lis3mdl.o
 .debug_macro   0x00013b54      0x112 ./Drivers/lis3mdl/lis3mdl.o
 .debug_macro   0x00013c66       0x16 ./Drivers/lis3mdl/lis3mdl.o
 .debug_macro   0x00013c7c       0x16 ./Drivers/lis3mdl/lis3mdl.o
 .debug_macro   0x00013c92       0x20 ./Drivers/lis3mdl/lis3mdl.o
 .debug_macro   0x00013cb2       0x56 ./Drivers/lis3mdl/lis3mdl.o
 .debug_macro   0x00013d08      0x2b6 ./Drivers/lis3mdl/lis3mdl_device.o
 .debug_macro   0x00013fbe       0x10 ./Drivers/lis3mdl/lis3mdl_device.o
 .debug_macro   0x00013fce      0x14d ./Drivers/lis3mdl/lis3mdl_init_params.o
 .debug_macro   0x0001411b       0x1b ./Drivers/lis3mdl/lis3mdl_process_state_machine.o

.debug_line     0x00000000     0xe64c
 .debug_line    0x00000000      0x9fc ./Core/Src/main.o
 .debug_line    0x000009fc      0x834 ./Core/Src/stm32l0xx_hal_msp.o
 .debug_line    0x00001230      0x7ed ./Core/Src/stm32l0xx_it.o
 .debug_line    0x00001a1d      0x7f8 ./Core/Src/system_stm32l0xx.o
 .debug_line    0x00002215       0x7b ./Core/Startup/startup_stm32l053c8tx.o
 .debug_line    0x00002290      0xab7 ./Drivers/STM32L0xx_HAL_Driver/Src/stm32l0xx_hal.o
 .debug_line    0x00002d47      0xb88 ./Drivers/STM32L0xx_HAL_Driver/Src/stm32l0xx_hal_cortex.o
 .debug_line    0x000038cf      0xc7a ./Drivers/STM32L0xx_HAL_Driver/Src/stm32l0xx_hal_dma.o
 .debug_line    0x00004549      0xb17 ./Drivers/STM32L0xx_HAL_Driver/Src/stm32l0xx_hal_gpio.o
 .debug_line    0x00005060      0x7db ./Drivers/STM32L0xx_HAL_Driver/Src/stm32l0xx_hal_iwdg.o
 .debug_line    0x0000583b      0x98a ./Drivers/STM32L0xx_HAL_Driver/Src/stm32l0xx_hal_pwr.o
 .debug_line    0x000061c5     0x1010 ./Drivers/STM32L0xx_HAL_Driver/Src/stm32l0xx_hal_rcc.o
 .debug_line    0x000071d5     0x1ce1 ./Drivers/STM32L0xx_HAL_Driver/Src/stm32l0xx_hal_spi.o
 .debug_line    0x00008eb6     0x2fdd ./Drivers/STM32L0xx_HAL_Driver/Src/stm32l0xx_hal_tim.o
 .debug_line    0x0000be93      0x7db ./Drivers/STM32L0xx_HAL_Driver/Src/stm32l0xx_hal_tim_ex.o
 .debug_line    0x0000c66e      0xcf1 ./Drivers/lis3mdl/lis3mdl.o
 .debug_line    0x0000d35f      0x9b2 ./Drivers/lis3mdl/lis3mdl_device.o
 .debug_line    0x0000dd11      0x816 ./Drivers/lis3mdl/lis3mdl_init_params.o
 .debug_line    0x0000e527      0x125 ./Drivers/lis3mdl/lis3mdl_process_state_machine.o

.debug_str      0x00000000    0x7c34e
 .debug_str     0x00000000    0x7c34e ./Core/Src/main.o
                              0x76753 (size before relaxing)
 .debug_str     0x0007c34e    0x7568b ./Core/Src/stm32l0xx_hal_msp.o
 .debug_str     0x0007c34e    0x7535e ./Core/Src/stm32l0xx_it.o
 .debug_str     0x0007c34e    0x74bf6 ./Core/Src/system_stm32l0xx.o
 .debug_str     0x0007c34e       0x99 ./Core/Startup/startup_stm32l053c8tx.o
 .debug_str     0x0007c34e    0x752ee ./Drivers/STM32L0xx_HAL_Driver/Src/stm32l0xx_hal.o
 .debug_str     0x0007c34e    0x7508a ./Drivers/STM32L0xx_HAL_Driver/Src/stm32l0xx_hal_cortex.o
 .debug_str     0x0007c34e    0x74f6a ./Drivers/STM32L0xx_HAL_Driver/Src/stm32l0xx_hal_dma.o
 .debug_str     0x0007c34e    0x74d96 ./Drivers/STM32L0xx_HAL_Driver/Src/stm32l0xx_hal_gpio.o
 .debug_str     0x0007c34e    0x74c64 ./Drivers/STM32L0xx_HAL_Driver/Src/stm32l0xx_hal_iwdg.o
 .debug_str     0x0007c34e    0x74e81 ./Drivers/STM32L0xx_HAL_Driver/Src/stm32l0xx_hal_pwr.o
 .debug_str     0x0007c34e    0x7511f ./Drivers/STM32L0xx_HAL_Driver/Src/stm32l0xx_hal_rcc.o
 .debug_str     0x0007c34e    0x754ed ./Drivers/STM32L0xx_HAL_Driver/Src/stm32l0xx_hal_spi.o
 .debug_str     0x0007c34e    0x75ece ./Drivers/STM32L0xx_HAL_Driver/Src/stm32l0xx_hal_tim.o
 .debug_str     0x0007c34e    0x75073 ./Drivers/STM32L0xx_HAL_Driver/Src/stm32l0xx_hal_tim_ex.o
 .debug_str     0x0007c34e    0x79363 ./Drivers/lis3mdl/lis3mdl.o
 .debug_str     0x0007c34e    0x78910 ./Drivers/lis3mdl/lis3mdl_device.o
 .debug_str     0x0007c34e     0x8276 ./Drivers/lis3mdl/lis3mdl_init_params.o
 .debug_str     0x0007c34e     0x2f8d ./Drivers/lis3mdl/lis3mdl_process_state_machine.o

.comment        0x00000000       0x43
 .comment       0x00000000       0x43 ./Core/Src/main.o
                                 0x44 (size before relaxing)
 .comment       0x00000043       0x44 ./Core/Src/stm32l0xx_hal_msp.o
 .comment       0x00000043       0x44 ./Core/Src/stm32l0xx_it.o
 .comment       0x00000043       0x44 ./Core/Src/system_stm32l0xx.o
 .comment       0x00000043       0x44 ./Drivers/STM32L0xx_HAL_Driver/Src/stm32l0xx_hal.o
 .comment       0x00000043       0x44 ./Drivers/STM32L0xx_HAL_Driver/Src/stm32l0xx_hal_cortex.o
 .comment       0x00000043       0x44 ./Drivers/STM32L0xx_HAL_Driver/Src/stm32l0xx_hal_dma.o
 .comment       0x00000043       0x44 ./Drivers/STM32L0xx_HAL_Driver/Src/stm32l0xx_hal_gpio.o
 .comment       0x00000043       0x44 ./Drivers/STM32L0xx_HAL_Driver/Src/stm32l0xx_hal_iwdg.o
 .comment       0x00000043       0x44 ./Drivers/STM32L0xx_HAL_Driver/Src/stm32l0xx_hal_pwr.o
 .comment       0x00000043       0x44 ./Drivers/STM32L0xx_HAL_Driver/Src/stm32l0xx_hal_rcc.o
 .comment       0x00000043       0x44 ./Drivers/STM32L0xx_HAL_Driver/Src/stm32l0xx_hal_spi.o
 .comment       0x00000043       0x44 ./Drivers/STM32L0xx_HAL_Driver/Src/stm32l0xx_hal_tim.o
 .comment       0x00000043       0x44 ./Drivers/STM32L0xx_HAL_Driver/Src/stm32l0xx_hal_tim_ex.o
 .comment       0x00000043       0x44 ./Drivers/lis3mdl/lis3mdl.o
 .comment       0x00000043       0x44 ./Drivers/lis3mdl/lis3mdl_device.o
 .comment       0x00000043       0x44 ./Drivers/lis3mdl/lis3mdl_init_params.o
 .comment       0x00000043       0x44 ./Drivers/lis3mdl/lis3mdl_process_state_machine.o

.debug_frame    0x00000000     0x2910
 .debug_frame   0x00000000      0x14c ./Core/Src/main.o
 .debug_frame   0x0000014c       0xb0 ./Core/Src/stm32l0xx_hal_msp.o
 .debug_frame   0x000001fc       0xf0 ./Core/Src/stm32l0xx_it.o
 .debug_frame   0x000002ec       0x4c ./Core/Src/system_stm32l0xx.o
 .debug_frame   0x00000338      0x394 ./Drivers/STM32L0xx_HAL_Driver/Src/stm32l0xx_hal.o
 .debug_frame   0x000006cc      0x33c ./Drivers/STM32L0xx_HAL_Driver/Src/stm32l0xx_hal_cortex.o
 .debug_frame   0x00000a08      0x1b0 ./Drivers/STM32L0xx_HAL_Driver/Src/stm32l0xx_hal_dma.o
 .debug_frame   0x00000bb8      0x110 ./Drivers/STM32L0xx_HAL_Driver/Src/stm32l0xx_hal_gpio.o
 .debug_frame   0x00000cc8       0x50 ./Drivers/STM32L0xx_HAL_Driver/Src/stm32l0xx_hal_iwdg.o
 .debug_frame   0x00000d18      0x200 ./Drivers/STM32L0xx_HAL_Driver/Src/stm32l0xx_hal_pwr.o
 .debug_frame   0x00000f18      0x1a4 ./Drivers/STM32L0xx_HAL_Driver/Src/stm32l0xx_hal_rcc.o
 .debug_frame   0x000010bc      0x6f0 ./Drivers/STM32L0xx_HAL_Driver/Src/stm32l0xx_hal_spi.o
 .debug_frame   0x000017ac      0xef8 ./Drivers/STM32L0xx_HAL_Driver/Src/stm32l0xx_hal_tim.o
 .debug_frame   0x000026a4       0x50 ./Drivers/STM32L0xx_HAL_Driver/Src/stm32l0xx_hal_tim_ex.o
 .debug_frame   0x000026f4       0xb0 ./Drivers/lis3mdl/lis3mdl.o
 .debug_frame   0x000027a4       0x58 ./Drivers/lis3mdl/lis3mdl_device.o
 .debug_frame   0x000027fc       0x50 ./Drivers/lis3mdl/lis3mdl_init_params.o
 .debug_frame   0x0000284c       0x30 ./Drivers/lis3mdl/lis3mdl_process_state_machine.o
 .debug_frame   0x0000287c       0x20 C:/ST/STM32CubeIDE_1.17.0/STM32CubeIDE/plugins/com.st.stm32cube.ide.mcu.externaltools.gnu-tools-for-stm32.13.3.rel1.win32_1.0.0.202411081344/tools/bin/../lib/gcc/arm-none-eabi/13.3.1/../../../../arm-none-eabi/lib/thumb/v6-m/nofp\libc_nano.a(libc_a-memset.o)
 .debug_frame   0x0000289c       0x2c C:/ST/STM32CubeIDE_1.17.0/STM32CubeIDE/plugins/com.st.stm32cube.ide.mcu.externaltools.gnu-tools-for-stm32.13.3.rel1.win32_1.0.0.202411081344/tools/bin/../lib/gcc/arm-none-eabi/13.3.1/../../../../arm-none-eabi/lib/thumb/v6-m/nofp\libc_nano.a(libc_a-init.o)
 .debug_frame   0x000028c8       0x28 C:/ST/STM32CubeIDE_1.17.0/STM32CubeIDE/plugins/com.st.stm32cube.ide.mcu.externaltools.gnu-tools-for-stm32.13.3.rel1.win32_1.0.0.202411081344/tools/bin/../lib/gcc/arm-none-eabi/13.3.1/../../../../arm-none-eabi/lib/thumb/v6-m/nofp\libc_nano.a(libc_a-memcpy-stub.o)
 .debug_frame   0x000028f0       0x20 C:/ST/STM32CubeIDE_1.17.0/STM32CubeIDE/plugins/com.st.stm32cube.ide.mcu.externaltools.gnu-tools-for-stm32.13.3.rel1.win32_1.0.0.202411081344/tools/bin/../lib/gcc/arm-none-eabi/13.3.1/thumb/v6-m/nofp\libgcc.a(_udivsi3.o)

.debug_line_str
                0x00000000       0x7d
 .debug_line_str
                0x00000000       0x7d ./Core/Startup/startup_stm32l053c8tx.o
