../Core/Src/main.c:84:5:main	128	static
../Core/Src/main.c:170:6:SystemClock_Config	96	static
../Core/Src/main.c:215:13:MX_IWDG_Init	8	static
../Core/Src/main.c:244:13:MX_SPI2_Init	8	static
../Core/Src/main.c:282:13:MX_TIM6_Init	16	static
../Core/Src/main.c:318:13:MX_DMA_Init	16	static
../Core/Src/main.c:336:13:MX_GPIO_Init	48	static
../Core/Src/main.c:374:6:HAL_SPI_TxCpltCallback	16	static
../Core/Src/main.c:380:6:HAL_SPI_RxCpltCallback	16	static
../Core/Src/main.c:392:6:Error_Handler	8	static,ignoring_inline_asm
