../Core/Src/main.c:82:5:main	64	static
../Core/Src/main.c:147:6:SystemClock_Config	96	static
../Core/Src/main.c:192:13:MX_IWDG_Init	8	static
../Core/Src/main.c:221:13:MX_SPI2_Init	8	static
../Core/Src/main.c:259:13:MX_TIM6_Init	16	static
../Core/Src/main.c:295:13:MX_DMA_Init	16	static
../Core/Src/main.c:313:13:MX_GPIO_Init	48	static
../Core/Src/main.c:351:6:HAL_SPI_TxCpltCallback	16	static
../Core/Src/main.c:357:6:HAL_SPI_RxCpltCallback	16	static
../Core/Src/main.c:369:6:Error_Handler	8	static,ignoring_inline_asm
